[22:32:31] {/Users/joe/Documents/Python/bourbon_finder/bourbon/bourbon/buffalo_trace.py:50} INFO - not updating main dataset, already current
[07:21:50] {/Users/joe/Documents/Python/bourbon_finder/bourbon/bourbon/buffalo_trace.py:50} INFO - not updating main dataset, already current
